C:\Users\miguel.abdala\Downloads\fuzzy-level-controler-main\fuzzy-level-controler-main\codigo_clp\Logical\Global.typ
C:\Users\miguel.abdala\Downloads\fuzzy-level-controler-main\fuzzy-level-controler-main\codigo_clp\Logical\Global.var
C:\Users\miguel.abdala\Downloads\fuzzy-level-controler-main\fuzzy-level-controler-main\codigo_clp\Logical\Libraries\Operator\operator.fun
C:\Users\miguel.abdala\Downloads\fuzzy-level-controler-main\fuzzy-level-controler-main\codigo_clp\Logical\Libraries\Operator\operator.typ
C:\Users\miguel.abdala\Downloads\fuzzy-level-controler-main\fuzzy-level-controler-main\codigo_clp\Logical\Libraries\Operator\operator.var
C:\Users\miguel.abdala\Downloads\fuzzy-level-controler-main\fuzzy-level-controler-main\codigo_clp\Logical\Libraries\Runtime\runtime.fun
C:\Users\miguel.abdala\Downloads\fuzzy-level-controler-main\fuzzy-level-controler-main\codigo_clp\Logical\Libraries\Runtime\runtime.typ
C:\Users\miguel.abdala\Downloads\fuzzy-level-controler-main\fuzzy-level-controler-main\codigo_clp\Logical\Libraries\Runtime\runtime.var
C:\Users\miguel.abdala\Downloads\fuzzy-level-controler-main\fuzzy-level-controler-main\codigo_clp\Logical\Libraries\AsTime\astime.fun
C:\Users\miguel.abdala\Downloads\fuzzy-level-controler-main\fuzzy-level-controler-main\codigo_clp\Logical\Libraries\AsTime\astime.typ
C:\Users\miguel.abdala\Downloads\fuzzy-level-controler-main\fuzzy-level-controler-main\codigo_clp\Logical\Libraries\AsTime\astime.var
C:\Users\miguel.abdala\Downloads\fuzzy-level-controler-main\fuzzy-level-controler-main\codigo_clp\Logical\Libraries\AsIecCon\AsIecCon.fun
C:\Users\miguel.abdala\Downloads\fuzzy-level-controler-main\fuzzy-level-controler-main\codigo_clp\Logical\Libraries\AsIecCon\AsIecCon.typ
C:\Users\miguel.abdala\Downloads\fuzzy-level-controler-main\fuzzy-level-controler-main\codigo_clp\Logical\Libraries\AsIecCon\AsIecCon.var
C:\Users\miguel.abdala\Downloads\fuzzy-level-controler-main\fuzzy-level-controler-main\codigo_clp\Logical\Libraries\LoopConR\LoopConR.var
C:\Users\miguel.abdala\Downloads\fuzzy-level-controler-main\fuzzy-level-controler-main\codigo_clp\Logical\Libraries\LoopConR\LoopConR.typ
C:\Users\miguel.abdala\Downloads\fuzzy-level-controler-main\fuzzy-level-controler-main\codigo_clp\Logical\Libraries\LoopConR\LoopConR.fun
C:\Users\miguel.abdala\Downloads\fuzzy-level-controler-main\fuzzy-level-controler-main\codigo_clp\Logical\Libraries\sys_lib\sys_lib.fun
C:\Users\miguel.abdala\Downloads\fuzzy-level-controler-main\fuzzy-level-controler-main\codigo_clp\Logical\Libraries\sys_lib\sys_lib.typ
C:\Users\miguel.abdala\Downloads\fuzzy-level-controler-main\fuzzy-level-controler-main\codigo_clp\Logical\Libraries\sys_lib\sys_lib.var
C:\Users\miguel.abdala\Downloads\fuzzy-level-controler-main\fuzzy-level-controler-main\codigo_clp\Logical\Libraries\brsystem\brsystem.fun
C:\Users\miguel.abdala\Downloads\fuzzy-level-controler-main\fuzzy-level-controler-main\codigo_clp\Logical\Libraries\brsystem\brsystem.typ
C:\Users\miguel.abdala\Downloads\fuzzy-level-controler-main\fuzzy-level-controler-main\codigo_clp\Logical\Libraries\brsystem\brsystem.var
C:\Users\miguel.abdala\Downloads\fuzzy-level-controler-main\fuzzy-level-controler-main\codigo_clp\Logical\Libraries\standard\standard.fun
C:\Users\miguel.abdala\Downloads\fuzzy-level-controler-main\fuzzy-level-controler-main\codigo_clp\Logical\Libraries\standard\standard.typ
C:\Users\miguel.abdala\Downloads\fuzzy-level-controler-main\fuzzy-level-controler-main\codigo_clp\Logical\Libraries\standard\standard.var
